[36mvite v7.3.1 [32mbuilding client environment for production...[36m[39m
node.exe : file:///C:/Users/F
elipe/Desktop/antigravity/sit
epessoal/Meu-Site/node_module
s/vite/dist/node/chunks/confi
g.js:23919
No linha:1 caractere:1
+ & "C:\Program 
Files\nodejs/node.exe" 
"C:\Program 
Files\nodejs/node_mo ...
+ ~~~~~~~~~~~~~~~~~~~~~~~~~~~
~~~~~~~~~~~~~~~~~~~~~~~~~~~~~
~~~~~~~~~~~~~
    + CategoryInfo           
   : NotSpecified: (file://  
  /C:/User...config.js:239   
 19:String) [], RemoteExc    
eption
    + FullyQualifiedErrorId  
   : NativeCommandError
 
										if (!resolved) 
return Promise.reject(/* 
@__PURE__ */ new 
Error(`Failed to resolve 
${url$3} from ${id}`));
										                   
                             
     ^

Error: Failed to resolve publ
ic/react-build/index-B1pBD66_
.js from C:/Users/Felipe/Desk
top/antigravity/sitepessoal/M
eu-Site/index.html
    at file:///C:/Users/Felip
e/Desktop/antigravity/sitepes
soal/Meu-Site/node_modules/vi
te/dist/node/chunks/config.js
:23919:64

Node.js v22.20.0
